------------------------------------------------------------
Timing Analyzer Summary
------------------------------------------------------------

Type  : Slow 1100mV 85C Model Setup 'clk'
Slack : -0.341
TNS   : -2.659

Type  : Slow 1100mV 85C Model Hold 'clk'
Slack : 0.246
TNS   : 0.000

Type  : Slow 1100mV 85C Model Minimum Pulse Width 'clk'
Slack : -0.538
TNS   : -23.418

Type  : Slow 1100mV 0C Model Setup 'clk'
Slack : -0.410
TNS   : -2.714

Type  : Slow 1100mV 0C Model Hold 'clk'
Slack : 0.230
TNS   : 0.000

Type  : Slow 1100mV 0C Model Minimum Pulse Width 'clk'
Slack : -0.538
TNS   : -23.189

Type  : Fast 1100mV 85C Model Setup 'clk'
Slack : 0.363
TNS   : 0.000

Type  : Fast 1100mV 85C Model Hold 'clk'
Slack : 0.125
TNS   : 0.000

Type  : Fast 1100mV 85C Model Minimum Pulse Width 'clk'
Slack : -0.267
TNS   : -7.744

Type  : Fast 1100mV 0C Model Setup 'clk'
Slack : 0.396
TNS   : 0.000

Type  : Fast 1100mV 0C Model Hold 'clk'
Slack : 0.113
TNS   : 0.000

Type  : Fast 1100mV 0C Model Minimum Pulse Width 'clk'
Slack : -0.262
TNS   : -7.620

------------------------------------------------------------
